[
	[
		"Don,ald",
		" \"Knuth\""
	],
	[
		"John",
		" \"Doe\""
	]
]