[
	{
		"firstname": "Don,ald",
		" lastname": " \"Knuth\""
	},
	{
		"firstname": "John",
		" lastname": " \"Doe\""
	}
]