[{" city":" Wisconsin"," lastname":" Knuth","firstname":"Donald"},{" city":" London"," lastname":" Lovelace","firstname":"Ada"}]